chromium 390   yummyani.biz          /                        http=200 vis=85 broken=0 ph=0 ovf=false 0min=0
chromium 390   yummyani.biz          /catalog                 http=0 vis=- broken=- ph=- ovf=- 0min=-  <-- FAIL
      error: TimeoutError: page.goto: Timeout 60000ms exceeded.
Call log:
  - navigating to "https://yummyani.biz/catalog", waiting u
chromium 390   yummyani.biz          /catalog/anime-updates   http=200 vis=0 broken=0 ph=0 ovf=false 0min=0
chromium 390   yummyani.biz          /catalog/announcement    http=200 vis=0 broken=0 ph=0 ovf=false 0min=0
chromium 390   yummyani.org          /                        http=200 vis=85 broken=0 ph=0 ovf=false 0min=0
chromium 390   yummyani.org          /catalog                 http=200 vis=24 broken=0 ph=0 ovf=false 0min=0
chromium 390   yummyani.org          /catalog/anime-updates   http=200 vis=0 broken=0 ph=0 ovf=false 0min=0
chromium 390   yummyani.site         /                        http=200 vis=85 broken=0 ph=0 ovf=false 0min=0
chromium 390   yummyani.site         /catalog                 http=200 vis=24 broken=0 ph=0 ovf=false 0min=0
chromium 390   yummyani.site         /catalog/anime-updates   http=200 vis=0 broken=0 ph=0 ovf=false 0min=0
chromium 390   lordfilm47.space      /                        http=200 vis=54 broken=0 ph=0 ovf=false 0min=0
chromium 390   lordfilm47.space      /catalog/                http=200 vis=24 broken=0 ph=0 ovf=false 0min=0
chromium 390   lordfilm47.space      /genres/                 http=200 vis=0 broken=0 ph=0 ovf=false 0min=0
chromium 390   lordfilm47.space      /countries/              http=200 vis=0 broken=0 ph=0 ovf=false 0min=0
chromium 390   lordserial33.biz      /                        http=200 vis=60 broken=0 ph=0 ovf=false 0min=0
chromium 390   lordserial33.biz      /catalog/                http=200 vis=24 broken=0 ph=0 ovf=false 0min=0
chromium 390   lordserial33.biz      /genres/                 http=200 vis=0 broken=0 ph=0 ovf=false 0min=0
chromium 390   1lordserials1.online  /                        http=200 vis=48 broken=0 ph=0 ovf=false 0min=0
chromium 390   1lordserials1.online  /catalog/                http=200 vis=24 broken=0 ph=0 ovf=false 0min=0
chromium 390   1lordserials1.online  /genres/                 http=200 vis=0 broken=0 ph=0 ovf=false 0min=0
chromium 768   yummyani.biz          /                        http=200 vis=85 broken=0 ph=0 ovf=false 0min=0
chromium 768   yummyani.biz          /catalog                 http=200 vis=24 broken=0 ph=0 ovf=false 0min=0
chromium 768   yummyani.biz          /catalog/anime-updates   http=200 vis=0 broken=0 ph=0 ovf=false 0min=0
chromium 768   yummyani.biz          /catalog/announcement    http=200 vis=0 broken=0 ph=0 ovf=false 0min=0
chromium 768   yummyani.org          /                        http=200 vis=85 broken=0 ph=0 ovf=false 0min=0
chromium 768   yummyani.org          /catalog                 http=200 vis=24 broken=0 ph=0 ovf=false 0min=0
chromium 768   yummyani.org          /catalog/anime-updates   http=200 vis=0 broken=0 ph=0 ovf=false 0min=0
chromium 768   yummyani.site         /                        http=200 vis=85 broken=0 ph=0 ovf=false 0min=0
chromium 768   yummyani.site         /catalog                 http=200 vis=24 broken=0 ph=0 ovf=false 0min=0
chromium 768   yummyani.site         /catalog/anime-updates   http=200 vis=0 broken=0 ph=0 ovf=false 0min=0
chromium 768   lordfilm47.space      /                        http=200 vis=54 broken=0 ph=0 ovf=false 0min=0
chromium 768   lordfilm47.space      /catalog/                http=200 vis=24 broken=0 ph=0 ovf=false 0min=0
chromium 768   lordfilm47.space      /genres/                 http=200 vis=0 broken=0 ph=0 ovf=false 0min=0
chromium 768   lordfilm47.space      /countries/              http=200 vis=0 broken=0 ph=0 ovf=false 0min=0
chromium 768   lordserial33.biz      /                        http=200 vis=60 broken=0 ph=0 ovf=false 0min=0
chromium 768   lordserial33.biz      /catalog/                http=200 vis=24 broken=0 ph=0 ovf=false 0min=0
chromium 768   lordserial33.biz      /genres/                 http=200 vis=0 broken=0 ph=0 ovf=false 0min=0
chromium 768   1lordserials1.online  /                        http=200 vis=48 broken=0 ph=0 ovf=false 0min=0
chromium 768   1lordserials1.online  /catalog/                http=200 vis=24 broken=0 ph=0 ovf=false 0min=0
chromium 768   1lordserials1.online  /genres/                 http=200 vis=0 broken=0 ph=0 ovf=false 0min=0
chromium 1440  yummyani.biz          /                        http=200 vis=86 broken=0 ph=0 ovf=false 0min=0
chromium 1440  yummyani.biz          /catalog                 http=200 vis=25 broken=0 ph=0 ovf=false 0min=0
chromium 1440  yummyani.biz          /catalog/anime-updates   http=200 vis=1 broken=0 ph=0 ovf=false 0min=0
chromium 1440  yummyani.biz          /catalog/announcement    http=200 vis=1 broken=0 ph=0 ovf=false 0min=0
chromium 1440  yummyani.org          /                        http=200 vis=86 broken=0 ph=0 ovf=false 0min=0
chromium 1440  yummyani.org          /catalog                 http=200 vis=25 broken=0 ph=0 ovf=false 0min=0
chromium 1440  yummyani.org          /catalog/anime-updates   http=200 vis=1 broken=0 ph=0 ovf=false 0min=0
chromium 1440  yummyani.site         /                        http=200 vis=86 broken=0 ph=0 ovf=false 0min=0
chromium 1440  yummyani.site         /catalog                 http=200 vis=25 broken=0 ph=0 ovf=false 0min=0
chromium 1440  yummyani.site         /catalog/anime-updates   http=200 vis=1 broken=0 ph=0 ovf=false 0min=0
chromium 1440  lordfilm47.space      /                        http=200 vis=54 broken=0 ph=0 ovf=false 0min=0
chromium 1440  lordfilm47.space      /catalog/                http=200 vis=24 broken=0 ph=0 ovf=false 0min=0
chromium 1440  lordfilm47.space      /genres/                 http=200 vis=0 broken=0 ph=0 ovf=false 0min=0
chromium 1440  lordfilm47.space      /countries/              http=200 vis=0 broken=0 ph=0 ovf=false 0min=0
chromium 1440  lordserial33.biz      /                        http=200 vis=60 broken=0 ph=0 ovf=false 0min=0
chromium 1440  lordserial33.biz      /catalog/                http=200 vis=24 broken=0 ph=0 ovf=false 0min=0
chromium 1440  lordserial33.biz      /genres/                 http=200 vis=0 broken=0 ph=0 ovf=false 0min=0
chromium 1440  1lordserials1.online  /                        http=200 vis=48 broken=0 ph=0 ovf=false 0min=0
chromium 1440  1lordserials1.online  /catalog/                http=200 vis=24 broken=0 ph=0 ovf=false 0min=0
chromium 1440  1lordserials1.online  /genres/                 http=200 vis=0 broken=0 ph=0 ovf=false 0min=0
firefox  390   yummyani.biz          /                        http=200 vis=85 broken=0 ph=0 ovf=false 0min=0
firefox  390   yummyani.biz          /catalog                 http=200 vis=24 broken=0 ph=0 ovf=false 0min=0
firefox  390   yummyani.biz          /catalog/anime-updates   http=200 vis=0 broken=0 ph=0 ovf=false 0min=0
firefox  390   yummyani.biz          /catalog/announcement    http=200 vis=0 broken=0 ph=0 ovf=false 0min=0
firefox  390   yummyani.org          /                        http=200 vis=85 broken=0 ph=0 ovf=false 0min=0
firefox  390   yummyani.org          /catalog                 http=200 vis=24 broken=0 ph=0 ovf=false 0min=0
firefox  390   yummyani.org          /catalog/anime-updates   http=200 vis=0 broken=0 ph=0 ovf=false 0min=0
firefox  390   yummyani.site         /                        http=200 vis=85 broken=0 ph=0 ovf=false 0min=0
firefox  390   yummyani.site         /catalog                 http=200 vis=24 broken=0 ph=0 ovf=false 0min=0
firefox  390   yummyani.site         /catalog/anime-updates   http=200 vis=0 broken=0 ph=0 ovf=false 0min=0
firefox  390   lordfilm47.space      /                        http=200 vis=54 broken=0 ph=0 ovf=false 0min=0
firefox  390   lordfilm47.space      /catalog/                http=200 vis=24 broken=0 ph=0 ovf=false 0min=0
firefox  390   lordfilm47.space      /genres/                 http=200 vis=0 broken=0 ph=0 ovf=false 0min=0
firefox  390   lordfilm47.space      /countries/              http=200 vis=0 broken=0 ph=0 ovf=false 0min=0
firefox  390   lordserial33.biz      /                        http=200 vis=60 broken=0 ph=0 ovf=false 0min=0
firefox  390   lordserial33.biz      /catalog/                http=200 vis=24 broken=0 ph=0 ovf=false 0min=0
firefox  390   lordserial33.biz      /genres/                 http=200 vis=0 broken=0 ph=0 ovf=false 0min=0
firefox  390   1lordserials1.online  /                        http=200 vis=48 broken=0 ph=0 ovf=false 0min=0
firefox  390   1lordserials1.online  /catalog/                http=200 vis=24 broken=0 ph=0 ovf=false 0min=0
firefox  390   1lordserials1.online  /genres/                 http=200 vis=0 broken=0 ph=0 ovf=false 0min=0
firefox  768   yummyani.biz          /                        http=200 vis=85 broken=0 ph=0 ovf=false 0min=0
firefox  768   yummyani.biz          /catalog                 http=200 vis=24 broken=0 ph=0 ovf=false 0min=0
firefox  768   yummyani.biz          /catalog/anime-updates   http=200 vis=0 broken=0 ph=0 ovf=false 0min=0
firefox  768   yummyani.biz          /catalog/announcement    http=200 vis=0 broken=0 ph=0 ovf=false 0min=0
firefox  768   yummyani.org          /                        http=200 vis=85 broken=0 ph=0 ovf=false 0min=0
firefox  768   yummyani.org          /catalog                 http=200 vis=24 broken=0 ph=0 ovf=false 0min=0
firefox  768   yummyani.org          /catalog/anime-updates   http=200 vis=0 broken=0 ph=0 ovf=false 0min=0
firefox  768   yummyani.site         /                        http=200 vis=85 broken=0 ph=0 ovf=false 0min=0
firefox  768   yummyani.site         /catalog                 http=200 vis=24 broken=0 ph=0 ovf=false 0min=0
firefox  768   yummyani.site         /catalog/anime-updates   http=200 vis=0 broken=0 ph=0 ovf=false 0min=0
firefox  768   lordfilm47.space      /                        http=200 vis=54 broken=0 ph=0 ovf=false 0min=0
firefox  768   lordfilm47.space      /catalog/                http=200 vis=24 broken=0 ph=0 ovf=false 0min=0
firefox  768   lordfilm47.space      /genres/                 http=200 vis=0 broken=0 ph=0 ovf=false 0min=0
firefox  768   lordfilm47.space      /countries/              http=200 vis=0 broken=0 ph=0 ovf=false 0min=0
firefox  768   lordserial33.biz      /                        http=200 vis=60 broken=0 ph=0 ovf=false 0min=0
firefox  768   lordserial33.biz      /catalog/                http=200 vis=24 broken=0 ph=0 ovf=false 0min=0
firefox  768   lordserial33.biz      /genres/                 http=200 vis=0 broken=0 ph=0 ovf=false 0min=0
firefox  768   1lordserials1.online  /                        http=200 vis=48 broken=0 ph=0 ovf=false 0min=0
firefox  768   1lordserials1.online  /catalog/                http=200 vis=24 broken=0 ph=0 ovf=false 0min=0
firefox  768   1lordserials1.online  /genres/                 http=200 vis=0 broken=0 ph=0 ovf=false 0min=0
firefox  1440  yummyani.biz          /                        http=200 vis=86 broken=0 ph=0 ovf=false 0min=0
firefox  1440  yummyani.biz          /catalog                 http=200 vis=25 broken=0 ph=0 ovf=false 0min=0
firefox  1440  yummyani.biz          /catalog/anime-updates   http=200 vis=1 broken=0 ph=0 ovf=false 0min=0
firefox  1440  yummyani.biz          /catalog/announcement    http=200 vis=1 broken=0 ph=0 ovf=false 0min=0
firefox  1440  yummyani.org          /                        http=200 vis=86 broken=0 ph=0 ovf=false 0min=0
firefox  1440  yummyani.org          /catalog                 http=200 vis=25 broken=0 ph=0 ovf=false 0min=0
firefox  1440  yummyani.org          /catalog/anime-updates   http=200 vis=1 broken=0 ph=0 ovf=false 0min=0
firefox  1440  yummyani.site         /                        http=200 vis=86 broken=0 ph=0 ovf=false 0min=0
firefox  1440  yummyani.site         /catalog                 http=200 vis=25 broken=0 ph=0 ovf=false 0min=0
firefox  1440  yummyani.site         /catalog/anime-updates   http=200 vis=1 broken=0 ph=0 ovf=false 0min=0
firefox  1440  lordfilm47.space      /                        http=200 vis=54 broken=0 ph=0 ovf=false 0min=0
firefox  1440  lordfilm47.space      /catalog/                http=200 vis=24 broken=0 ph=0 ovf=false 0min=0
firefox  1440  lordfilm47.space      /genres/                 http=200 vis=0 broken=0 ph=0 ovf=false 0min=0
firefox  1440  lordfilm47.space      /countries/              http=200 vis=0 broken=0 ph=0 ovf=false 0min=0
firefox  1440  lordserial33.biz      /                        http=200 vis=60 broken=0 ph=0 ovf=false 0min=0
firefox  1440  lordserial33.biz      /catalog/                http=200 vis=24 broken=0 ph=0 ovf=false 0min=0
firefox  1440  lordserial33.biz      /genres/                 http=200 vis=0 broken=0 ph=0 ovf=false 0min=0
firefox  1440  1lordserials1.online  /                        http=200 vis=48 broken=0 ph=0 ovf=false 0min=0
firefox  1440  1lordserials1.online  /catalog/                http=200 vis=24 broken=0 ph=0 ovf=false 0min=0
firefox  1440  1lordserials1.online  /genres/                 http=200 vis=0 broken=0 ph=0 ovf=false 0min=0

==== SUMMARY v2 ====
checks: 120 failures: 1
visible images checked: 3362
broken: 0
poster placeholders: 0
images without alt: 0
"0 минут": 0
horizontal overflow pages: 0
FAIL: chromium 390 yummyani.biz/catalog http=0 broken=0 ph=0 ovf=undefined TimeoutError: page.goto: Timeout 60000ms exceeded.
Call log:
  - navigating to "https://yummyani.biz/catalog", waiting u
